
> gc3-portal@0.1.0 build
> next build

node.exe : ΓÜá Warning: Next.js inferred your workspace root, but it may not be correct.
At line:1 char:1
+ & "C:\Program Files\nodejs/node.exe" "C:\Program Files\nodejs/node_mo ...
+ ~~~~~~~~~~~~~~~~~~~~~~~~~~~~~~~~~~~~~~~~~~~~~~~~~~~~~~~~~~~~~~~~~~~~~
    + CategoryInfo          : NotSpecified: (ΓÜá Warning: Ne...not be correct.:String) [], RemoteException
    + FullyQualifiedErrorId : NativeCommandError
 
 We detected multiple lockfiles and selected the directory of C:\Users\lenovo\package-lock.json as the root directory.
 To silence this warning, set `turbopack.root` in your Next.js config, or consider removing one of the lockfiles if 
it's not needed.
   See https://nextjs.org/docs/app/api-reference/config/next-config-js/turbopack#root-directory for more information.
 Detected additional lockfiles: 
   * C:\Users\lenovo\gc3\gc3-portal\package-lock.json

Γû▓ Next.js 16.2.10 (Turbopack)
- Environments: .env.local

ΓÜá The "middleware" file convention is deprecated. Please use "proxy" instead. Learn more: 
https://nextjs.org/docs/messages/middleware-to-proxy
  Creating an optimized production build ...
Γ£ô Compiled successfully in 57s
  Running TypeScript ...
Failed to type check.

.next/dev/types/routes.d.ts:158:8
Type error: ';' expected.

  [90m156 |[0m   }
  [90m157 |[0m }
[31m[1m>[0m [90m158 |[0m rs/[id][32m'>) {[0m
  [90m    |[0m        [31m[1m^[0m
  [90m159 |[0m [32m   *   const { id } = await context.params[0m
  [90m160 |[0m [32m   *   return Response.json({ id })[0m
  [90m161 |[0m [32m   * }[0m
Next.js build worker exited with code: 1 and signal: null
